// Vitest Snapshot v1, https://vitest.dev/guide/snapshot.html

exports[`RTL layout > keeps rtl as default and matches the header snapshot 1`] = `
<section
  class="section-shell-lg pt-14 sm:pt-20"
  id="home"
>
  <div
    class="mx-auto w-full max-w-[1160px] px-5 sm:px-8"
  >
    <div>
      <div
        class="relative isolate overflow-hidden rounded-[var(--radius-2xl)] border border-border-subtle p-6 sm:p-8 lg:p-10"
      >
        <div
          aria-hidden="true"
          class="absolute inset-0 bg-cover bg-center"
          style="background-image: url("/images/hero/studio-hero.svg");"
        />
        <div
          aria-hidden="true"
          class="absolute inset-0"
          style="background: var(--bg-overlay-strong);"
        />
        <div
          aria-hidden="true"
          class="absolute inset-0 bg-[var(--gradient-hero)]"
        />
        <div
          aria-hidden="true"
          class="absolute inset-0 opacity-30 mix-blend-soft-light"
          style="background-image: url("/images/textures/noise-soft.svg"); background-size: 360px 360px;"
        />
        <div
          aria-hidden="true"
          class="pointer-events-none absolute inset-0 overflow-hidden"
        >
          <span
            aria-hidden="true"
            class="pointer-events-none absolute rounded-full blur-[42px] -start-20 top-24"
            style="width: 260px; height: 260px; opacity: 0.75; background: radial-gradient(circle, rgba(98, 171, 255, 0.56) 0%, transparent 70%);"
          />
          <span
            aria-hidden="true"
            class="pointer-events-none absolute rounded-full blur-[42px] end-0 top-10"
            style="width: 220px; height: 220px; opacity: 0.62; background: radial-gradient(circle, rgba(79, 226, 255, 0.52) 0%, transparent 70%);"
          />
          <span
            aria-hidden="true"
            class="pointer-events-none absolute rounded-full blur-[42px] end-[24%] bottom-[-140px]"
            style="width: 260px; height: 260px; opacity: 0.42; background: radial-gradient(circle, rgba(98, 171, 255, 0.48) 0%, rgba(79, 226, 255, 0.2) 48%, transparent 76%);"
          />
        </div>
        <div
          class="vignette-overlay"
        />
        <div
          class="relative z-10"
        >
          <div
            class="grid gap-8 lg:grid-cols-[1.2fr_0.8fr] lg:items-end"
          >
            <div>
              <span
                class="glass-surface inline-flex items-center gap-2 rounded-full border border-border-subtle px-3 py-1 text-[var(--font-size-caption)] font-semibold tracking-[0.18em] text-text-label uppercase"
              >
                <span
                  aria-hidden="true"
                  class="h-1.5 w-1.5 rounded-full bg-accent"
                />
                תוכן. אריזה דיגיטלית. פרסום. פניות ראשונות.
              </span>
              <h1
                class="mt-5 font-display text-4xl leading-tight text-text-primary sm:text-6xl"
              >
                עסקים צריכים תוצאה, לא רק עוד סרטון
              </h1>
              <p
                class="mt-5 max-w-2xl text-base leading-relaxed text-text-secondary sm:text-xl"
              >
                אנחנו בונים נוכחות עסקית שמובילה לפניות: תוכן, עמוד שירות ונכסי פרסום במקום אחד.
              </p>
              <div
                class="mt-8 flex flex-wrap items-center gap-3"
              >
                <a
                  class="inline-flex min-h-12 items-center justify-center rounded-[var(--radius-sm)] px-6 py-3 text-sm font-semibold tracking-[0.04em] transition-all duration-300 focus-visible:outline-none focus-visible:ring-2 focus-visible:ring-accent focus-visible:ring-offset-2 focus-visible:ring-offset-surface-base active:translate-y-px border border-accent/80 bg-gradient-to-r from-accent-blue to-accent-cyan text-white glow-accent hover:from-accent hover:to-accent-cyan min-w-52"
                  href="https://wa.me/972509656366?text=%D7%94%D7%99%D7%99%2C%20%D7%A0%D7%A9%D7%9E%D7%97%20%D7%9C%D7%91%D7%A0%D7%95%D7%AA%20%D7%9C%D7%A2%D7%A1%D7%A7%20%D7%A9%D7%9C%D7%A0%D7%95%20%D7%AA%D7%95%D7%9B%D7%9F%2C%20%D7%A2%D7%9E%D7%95%D7%93%20%D7%A9%D7%99%D7%A8%D7%95%D7%AA%20%D7%95%D7%A4%D7%A8%D7%A1%D7%95%D7%9D%20%D7%A9%D7%99%D7%91%D7%99%D7%90%D7%95%20%D7%A4%D7%A0%D7%99%D7%95%D7%AA%20%D7%A8%D7%90%D7%A9%D7%95%D7%A0%D7%95%D7%AA."
                  rel="noopener noreferrer"
                  target="_blank"
                >
                  דברו איתנו ב-WhatsApp
                </a>
                <a
                  class="inline-flex min-h-12 items-center justify-center rounded-[var(--radius-sm)] px-6 py-3 text-sm font-semibold tracking-[0.04em] transition-all duration-300 focus-visible:outline-none focus-visible:ring-2 focus-visible:ring-accent focus-visible:ring-offset-2 focus-visible:ring-offset-surface-base active:translate-y-px glass-surface border-border-subtle text-text-primary hover:border-accent/50 hover:text-white min-w-44"
                  href="/he/services"
                >
                  לראות שירותים
                </a>
              </div>
              <p
                class="mt-4 border-s-2 border-accent ps-3 text-sm text-text-muted"
              >
                מתאים לעסקים שרוצים השקה מהירה וברורה לשוק המקומי.
              </p>
            </div>
            <article
              class="relative overflow-hidden rounded-[var(--radius-xl)] p-6 sm:p-7 glass-surface transition-all duration-300 hover:-translate-y-0.5 hover:border-border-strong hover:shadow-[var(--glow-hero)] relative overflow-hidden border-border-strong bg-surface-overlay p-7"
            >
              <div
                class="pointer-events-none absolute inset-x-6 top-0 h-px bg-gradient-to-r from-transparent via-white/40 to-transparent"
              />
              <p
                class="text-xs font-semibold tracking-[0.2em] text-text-muted uppercase"
              >
                מה כולל התהליך
              </p>
              <div
                class="mt-5 space-y-4"
              >
                <div
                  class="border-b border-border-subtle pb-3 last:border-none"
                >
                  <p
                    class="text-xs font-semibold tracking-[0.16em] text-accent"
                  >
                    01
                  </p>
                  <p
                    class="mt-1 text-sm font-semibold text-text-primary"
                  >
                    הפקת תוכן לעסק
                  </p>
                  <p
                    class="mt-1 text-xs leading-relaxed text-text-secondary"
                  >
                    צילום ויצירת תוכן מותאם לקהל ולמוצר.
                  </p>
                </div>
                <div
                  class="border-b border-border-subtle pb-3 last:border-none"
                >
                  <p
                    class="text-xs font-semibold tracking-[0.16em] text-accent"
                  >
                    02
                  </p>
                  <p
                    class="mt-1 text-sm font-semibold text-text-primary"
                  >
                    רילס ותוכן לרשתות
                  </p>
                  <p
                    class="mt-1 text-xs leading-relaxed text-text-secondary"
                  >
                    וידאו קצר שמייצר חשיפה ותגובה.
                  </p>
                </div>
                <div
                  class="border-b border-border-subtle pb-3 last:border-none"
                >
                  <p
                    class="text-xs font-semibold tracking-[0.16em] text-accent"
                  >
                    03
                  </p>
                  <p
                    class="mt-1 text-sm font-semibold text-text-primary"
                  >
                    צילום מוצר ואוכל
                  </p>
                  <p
                    class="mt-1 text-xs leading-relaxed text-text-secondary"
                  >
                    ויזואל נקי שמחזק אמון ורצון לקנות.
                  </p>
                </div>
              </div>
            </article>
          </div>
          <div
            class="mt-10 grid gap-4 sm:grid-cols-3"
          >
            <article
              class="relative overflow-hidden rounded-[var(--radius-xl)] p-6 sm:p-7 glass-surface transition-all duration-300 hover:-translate-y-0.5 hover:border-border-strong hover:shadow-[var(--glow-hero)] border-border-subtle bg-surface-elevated/70 p-5"
            >
              <div
                class="pointer-events-none absolute inset-x-6 top-0 h-px bg-gradient-to-r from-transparent via-white/40 to-transparent"
              />
              <p
                class="text-xs tracking-[0.16em] text-text-muted uppercase"
              >
                זמן השקה ממוצע
              </p>
              <p
                class="mt-3 font-display text-3xl text-text-primary"
                dir="ltr"
              >
                14-28 ימים
              </p>
            </article>
            <article
              class="relative overflow-hidden rounded-[var(--radius-xl)] p-6 sm:p-7 glass-surface transition-all duration-300 hover:-translate-y-0.5 hover:border-border-strong hover:shadow-[var(--glow-hero)] border-border-subtle bg-surface-elevated/70 p-5"
            >
              <div
                class="pointer-events-none absolute inset-x-6 top-0 h-px bg-gradient-to-r from-transparent via-white/40 to-transparent"
              />
              <p
                class="text-xs tracking-[0.16em] text-text-muted uppercase"
              >
                נכסי שיווק בחבילה
              </p>
              <p
                class="mt-3 font-display text-3xl text-text-primary"
                dir="ltr"
              >
                10+
              </p>
            </article>
            <article
              class="relative overflow-hidden rounded-[var(--radius-xl)] p-6 sm:p-7 glass-surface transition-all duration-300 hover:-translate-y-0.5 hover:border-border-strong hover:shadow-[var(--glow-hero)] border-border-subtle bg-surface-elevated/70 p-5"
            >
              <div
                class="pointer-events-none absolute inset-x-6 top-0 h-px bg-gradient-to-r from-transparent via-white/40 to-transparent"
              />
              <p
                class="text-xs tracking-[0.16em] text-text-muted uppercase"
              >
                מטרה עסקית
              </p>
              <p
                class="mt-3 font-display text-3xl text-text-primary"
                dir="ltr"
              >
                פניות ראשונות
              </p>
            </article>
          </div>
        </div>
      </div>
    </div>
  </div>
</section>
`;
