// Vitest Snapshot v1, https://vitest.dev/guide/snapshot.html

exports[`RTL layout > keeps rtl as default and matches the header snapshot 1`] = `
<section
  class="relative overflow-hidden"
  id="home"
>
  <div
    class="relative isolate overflow-hidden hero-viewport-block"
  >
    <div
      aria-hidden="true"
      class="hero-bg-photo-blur absolute -inset-[2%] bg-cover bg-[center_46%] opacity-[0.44] blur-[12px] lg:bg-center"
      style="background-image: url("/images/hero/studio-hero-photo.jpg");"
    />
    <div
      aria-hidden="true"
      class="hero-bg-photo-base absolute inset-0 bg-cover bg-[center_46%] opacity-[0.24] lg:bg-center"
      style="background-image: url("/images/hero/studio-hero-photo.jpg");"
    />
    <div
      aria-hidden="true"
      class="hero-bg-vector absolute inset-0 bg-cover bg-[center_46%] opacity-[0.38] lg:bg-center"
      style="background-image: url("/images/hero/studio-hero.svg");"
    />
    <div
      aria-hidden="true"
      class="absolute inset-0"
      style="background: linear-gradient(112deg, rgba(3, 8, 15, 0.66) 0%, rgba(6, 14, 26, 0.42) 44%, rgba(3, 8, 14, 0.84) 100%);"
    />
    <div
      aria-hidden="true"
      class="hero-bg-glow absolute inset-0"
      style="background: radial-gradient(circle at 22% 26%, rgba(98, 171, 255, 0.2) 0%, transparent 42%), radial-gradient(circle at 84% 8%, rgba(79, 226, 255, 0.12) 0%, transparent 34%);"
    />
    <div
      aria-hidden="true"
      class="absolute inset-0 bg-[var(--gradient-hero)]"
    />
    <div
      aria-hidden="true"
      class="absolute inset-0 opacity-[0.18] mix-blend-soft-light"
      style="background-image: url("/images/textures/noise-soft.svg"); background-size: 360px 360px;"
    />
    <div
      aria-hidden="true"
      class="absolute inset-x-0 top-0 h-28 bg-gradient-to-b from-black/35 to-transparent"
    />
    <div
      aria-hidden="true"
      class="absolute inset-x-0 bottom-0 h-32 bg-gradient-to-t from-black/46 to-transparent"
    />
    <div
      aria-hidden="true"
      class="pointer-events-none absolute inset-0 overflow-hidden"
    >
      <span
        aria-hidden="true"
        class="pointer-events-none absolute rounded-full blur-[42px] -start-20 top-24"
        style="width: 260px; height: 260px; opacity: 0.75; background: radial-gradient(circle, rgba(98, 171, 255, 0.56) 0%, transparent 70%);"
      />
      <span
        aria-hidden="true"
        class="pointer-events-none absolute rounded-full blur-[42px] end-0 top-10"
        style="width: 220px; height: 220px; opacity: 0.62; background: radial-gradient(circle, rgba(79, 226, 255, 0.52) 0%, transparent 70%);"
      />
      <span
        aria-hidden="true"
        class="pointer-events-none absolute rounded-full blur-[42px] end-[24%] bottom-[-140px]"
        style="width: 260px; height: 260px; opacity: 0.42; background: radial-gradient(circle, rgba(98, 171, 255, 0.48) 0%, rgba(79, 226, 255, 0.2) 48%, transparent 76%);"
      />
    </div>
    <div
      aria-hidden="true"
      class="pointer-events-none absolute inset-x-0 bottom-10 z-20 flex justify-center lg:hidden"
    >
      <span
        class="hero-scroll-cue"
      >
        <span
          class="hero-scroll-cue-dot"
        />
      </span>
    </div>
    <div
      class="vignette-overlay"
    />
    <div
      class="relative z-10"
    >
      <div
        class="mx-auto w-full max-w-[1160px] px-5 sm:px-8 hero-viewport-block hero-safe-padding relative z-10 flex items-start lg:items-start"
      >
        <div
          class="grid w-full gap-4 sm:gap-7 lg:grid-cols-[1.06fr_0.94fr] lg:items-start lg:gap-8"
        >
          <div
            class="hero-copy-enter max-w-2xl text-right"
            dir="rtl"
            style="--hero-copy-enter-x: 34px;"
          >
            <span
              class="glass-surface inline-flex items-center gap-2 rounded-full border border-border-subtle px-3 py-1 text-[var(--font-size-caption)] font-semibold tracking-[0.18em] text-text-label uppercase"
            >
              <span
                aria-hidden="true"
                class="h-1.5 w-1.5 rounded-full bg-accent"
              />
              פתרון דיגיטלי לעסקים
            </span>
            <h1
              class="mt-2 break-words font-display text-[1.4rem] leading-[1.12] text-text-primary sm:mt-5 sm:text-6xl sm:leading-tight"
            >
              פתרונות תוכן, אתר ופרסום לעסק
            </h1>
            <p
              class="mt-2 max-w-xl text-[0.82rem] leading-relaxed text-text-secondary sm:mt-5 sm:text-xl"
            >
              אנחנו יוצרים תוכן, בונים עמודים ואתרים שממירים, ומריצים פרסום ממוקד שמביא פניות ולקוחות חדשים.
            </p>
            <div
              class="mt-2.5 sm:mt-8 lg:mt-20 flex flex-wrap items-center gap-2 sm:gap-3 justify-start"
            >
              <a
                class="inline-flex min-h-12 items-center justify-center rounded-[var(--radius-sm)] px-6 py-3 text-sm font-semibold tracking-[0.04em] transition-all duration-300 focus-visible:outline-none focus-visible:ring-2 focus-visible:ring-accent focus-visible:ring-offset-2 focus-visible:ring-offset-surface-base active:translate-y-px border border-accent/80 bg-gradient-to-r from-accent-blue to-accent-cyan text-white glow-accent hover:from-accent hover:to-accent-cyan min-h-11 shrink-0 px-3 text-[13px] leading-tight sm:min-w-52 sm:min-h-12 sm:px-6 sm:text-sm"
                href="/he/solutions"
              >
                לפתרונות
              </a>
              <a
                class="inline-flex min-h-12 items-center justify-center rounded-[var(--radius-sm)] px-6 py-3 text-sm font-semibold tracking-[0.04em] transition-all duration-300 focus-visible:outline-none focus-visible:ring-2 focus-visible:ring-accent focus-visible:ring-offset-2 focus-visible:ring-offset-surface-base active:translate-y-px glass-surface border-border-subtle text-text-primary hover:border-accent/50 hover:text-white min-h-11 shrink-0 px-3 text-[13px] leading-tight sm:min-w-44 sm:min-h-12 sm:px-6 sm:text-sm"
                href="/he/pricing"
              >
                דוגמאות ומחירים
              </a>
            </div>
            <div
              class="mt-10 sm:mt-12 lg:hidden"
            >
              <p
                class="mb-2 text-[11px] tracking-[0.14em] text-text-label uppercase"
              >
                תמהיל תוכן
              </p>
              <div
                class="-mx-2 flex snap-x snap-mandatory gap-4 overflow-x-auto px-2 pb-2 [scrollbar-width:none] [&::-webkit-scrollbar]:hidden"
              >
                <figure
                  class="hero-collage-item relative shrink-0 snap-center overflow-hidden rounded-2xl border border-white/14 bg-black/20 w-72 h-44"
                  data-testid="hero-mobile-example-item"
                  style="--hero-collage-delay: 0s; --hero-collage-enter-x: -34px;"
                >
                  <img
                    alt="ויזואל להשקת מסעדה"
                    class="h-full w-full object-cover"
                    loading="lazy"
                    src="/portfolio/helix.svg"
                  />
                  <div
                    class="pointer-events-none absolute inset-0 bg-gradient-to-t from-black/72 via-black/18 to-transparent"
                  />
                  <span
                    class="absolute top-2 start-2 rounded-full border border-white/18 bg-black/40 px-2 py-0.5 text-[10px] font-semibold tracking-[0.12em] text-white/90 uppercase"
                  >
                    סושיאל
                  </span>
                </figure>
                <figure
                  class="hero-collage-item relative shrink-0 snap-center overflow-hidden rounded-2xl border border-white/14 bg-black/20 w-64 h-40"
                  data-testid="hero-mobile-example-item"
                  style="--hero-collage-delay: 0.16s; --hero-collage-enter-x: -34px;"
                >
                  <video
                    autoplay=""
                    class="h-full w-full object-cover"
                    loop=""
                    playsinline=""
                    poster="/portfolio/nera.svg"
                    src="https://interactive-examples.mdn.mozilla.net/media/cc0-videos/flower.mp4"
                  />
                  <div
                    class="pointer-events-none absolute inset-0 bg-gradient-to-t from-black/72 via-black/18 to-transparent"
                  />
                  <span
                    class="absolute top-2 start-2 rounded-full border border-white/18 bg-black/40 px-2 py-0.5 text-[10px] font-semibold tracking-[0.12em] text-white/90 uppercase"
                  >
                    וידאו
                  </span>
                </figure>
                <figure
                  class="hero-collage-item relative shrink-0 snap-center overflow-hidden rounded-2xl border border-white/14 bg-black/20 w-64 h-40"
                  data-testid="hero-mobile-example-item"
                  style="--hero-collage-delay: 0.32s; --hero-collage-enter-x: -34px;"
                >
                  <img
                    alt="נכסי תוכן לעסקי אירוח"
                    class="h-full w-full object-cover"
                    loading="lazy"
                    src="/portfolio/nera.svg"
                  />
                  <div
                    class="pointer-events-none absolute inset-0 bg-gradient-to-t from-black/72 via-black/18 to-transparent"
                  />
                  <span
                    class="absolute top-2 start-2 rounded-full border border-white/18 bg-black/40 px-2 py-0.5 text-[10px] font-semibold tracking-[0.12em] text-white/90 uppercase"
                  >
                    צילום
                  </span>
                </figure>
                <figure
                  class="hero-collage-item relative shrink-0 snap-center overflow-hidden rounded-2xl border border-white/14 bg-black/20 w-64 h-40"
                  data-testid="hero-mobile-example-item"
                  style="--hero-collage-delay: 0.48s; --hero-collage-enter-x: -34px;"
                >
                  <img
                    alt="נראות מוצר לדוגמה"
                    class="h-full w-full object-cover"
                    loading="lazy"
                    src="/portfolio/axis.svg"
                  />
                  <div
                    class="pointer-events-none absolute inset-0 bg-gradient-to-t from-black/72 via-black/18 to-transparent"
                  />
                  <span
                    class="absolute top-2 start-2 rounded-full border border-white/18 bg-black/40 px-2 py-0.5 text-[10px] font-semibold tracking-[0.12em] text-white/90 uppercase"
                  >
                    מודעות
                  </span>
                </figure>
                <figure
                  class="hero-collage-item relative shrink-0 snap-center overflow-hidden rounded-2xl border border-white/14 bg-black/20 w-64 h-40"
                  data-testid="hero-mobile-example-item"
                  style="--hero-collage-delay: 0.64s; --hero-collage-enter-x: -34px;"
                >
                  <img
                    alt="Social media content"
                    class="h-full w-full object-cover"
                    loading="lazy"
                    src="/portfolio/helix.svg"
                  />
                  <div
                    class="pointer-events-none absolute inset-0 bg-gradient-to-t from-black/72 via-black/18 to-transparent"
                  />
                  <span
                    class="absolute top-2 start-2 rounded-full border border-white/18 bg-black/40 px-2 py-0.5 text-[10px] font-semibold tracking-[0.12em] text-white/90 uppercase"
                  >
                    תוכן לרשתות
                  </span>
                </figure>
              </div>
            </div>
          </div>
          <div
            class="hidden lg:block"
          >
            <div
              class="ms-auto max-w-[460px]"
            >
              <p
                class="mb-3 text-[11px] tracking-[0.14em] text-text-label uppercase"
              >
                תמהיל תוכן
              </p>
              <div
                class="grid grid-cols-2 gap-3"
              >
                <figure
                  class="hero-collage-item group relative overflow-hidden rounded-[18px] border border-white/14 bg-black/20 col-span-2 h-44"
                  data-testid="hero-collage-item"
                  style="--hero-collage-delay: 0s; --hero-collage-enter-x: -34px;"
                >
                  <img
                    alt="ויזואל להשקת מסעדה"
                    class="h-full w-full object-cover transition-transform duration-500 group-hover:scale-[1.03]"
                    loading="lazy"
                    src="/portfolio/helix.svg"
                  />
                  <div
                    class="pointer-events-none absolute inset-0 bg-gradient-to-t from-black/70 via-black/25 to-transparent"
                  />
                  <span
                    class="absolute top-2 start-2 rounded-full border border-white/18 bg-black/40 px-2 py-0.5 text-[10px] font-semibold tracking-[0.12em] text-white/90 uppercase"
                  >
                    סושיאל
                  </span>
                </figure>
                <figure
                  class="hero-collage-item group relative overflow-hidden rounded-[18px] border border-white/14 bg-black/20 h-40"
                  data-testid="hero-collage-item"
                  style="--hero-collage-delay: 0.26s; --hero-collage-enter-x: -34px;"
                >
                  <video
                    autoplay=""
                    class="h-full w-full object-cover transition-transform duration-500 group-hover:scale-[1.03]"
                    loop=""
                    playsinline=""
                    poster="/portfolio/nera.svg"
                    src="https://interactive-examples.mdn.mozilla.net/media/cc0-videos/flower.mp4"
                  />
                  <div
                    class="pointer-events-none absolute inset-0 bg-gradient-to-t from-black/70 via-black/25 to-transparent"
                  />
                  <span
                    class="absolute top-2 start-2 rounded-full border border-white/18 bg-black/40 px-2 py-0.5 text-[10px] font-semibold tracking-[0.12em] text-white/90 uppercase"
                  >
                    וידאו
                  </span>
                </figure>
                <figure
                  class="hero-collage-item group relative overflow-hidden rounded-[18px] border border-white/14 bg-black/20 h-32"
                  data-testid="hero-collage-item"
                  style="--hero-collage-delay: 0.52s; --hero-collage-enter-x: -34px;"
                >
                  <img
                    alt="נכסי תוכן לעסקי אירוח"
                    class="h-full w-full object-cover transition-transform duration-500 group-hover:scale-[1.03]"
                    loading="lazy"
                    src="/portfolio/nera.svg"
                  />
                  <div
                    class="pointer-events-none absolute inset-0 bg-gradient-to-t from-black/70 via-black/25 to-transparent"
                  />
                  <span
                    class="absolute top-2 start-2 rounded-full border border-white/18 bg-black/40 px-2 py-0.5 text-[10px] font-semibold tracking-[0.12em] text-white/90 uppercase"
                  >
                    צילום
                  </span>
                </figure>
                <figure
                  class="hero-collage-item group relative overflow-hidden rounded-[18px] border border-white/14 bg-black/20 h-32"
                  data-testid="hero-collage-item"
                  style="--hero-collage-delay: 0.78s; --hero-collage-enter-x: -34px;"
                >
                  <img
                    alt="נראות מוצר לדוגמה"
                    class="h-full w-full object-cover transition-transform duration-500 group-hover:scale-[1.03]"
                    loading="lazy"
                    src="/portfolio/axis.svg"
                  />
                  <div
                    class="pointer-events-none absolute inset-0 bg-gradient-to-t from-black/70 via-black/25 to-transparent"
                  />
                  <span
                    class="absolute top-2 start-2 rounded-full border border-white/18 bg-black/40 px-2 py-0.5 text-[10px] font-semibold tracking-[0.12em] text-white/90 uppercase"
                  >
                    מודעות
                  </span>
                </figure>
                <figure
                  class="hero-collage-item group relative overflow-hidden rounded-[18px] border border-white/14 bg-black/20 h-32"
                  data-testid="hero-collage-item"
                  style="--hero-collage-delay: 1.04s; --hero-collage-enter-x: -34px;"
                >
                  <img
                    alt="Social media content"
                    class="h-full w-full object-cover transition-transform duration-500 group-hover:scale-[1.03]"
                    loading="lazy"
                    src="/portfolio/helix.svg"
                  />
                  <div
                    class="pointer-events-none absolute inset-0 bg-gradient-to-t from-black/70 via-black/25 to-transparent"
                  />
                  <span
                    class="absolute top-2 start-2 rounded-full border border-white/18 bg-black/40 px-2 py-0.5 text-[10px] font-semibold tracking-[0.12em] text-white/90 uppercase"
                  >
                    תוכן לרשתות
                  </span>
                </figure>
              </div>
            </div>
          </div>
        </div>
      </div>
    </div>
  </div>
</section>
`;
